---
created: "2019-02-27T00:57:37.393624Z"
creator: insta@0.6.2
source: tests/snapshot.rs
expression: stable_readable_display(&doc.expect("during test"))
---
"{in_array: [{a: \"value from substitution\", c: {d: 8, e: \"value from substitution\"}, fromparent: BadValue}], in_object: {a: \"value from substitution\", c: {d: 8, e: \"value from substitution\"}, fromparent: BadValue}}"
