---
created: "2019-02-27T00:55:53.758503Z"
creator: insta@0.6.2
source: tests/snapshot.rs
expression: stable_readable_display(&doc.expect("during test"))
---
"{array: [{arrays: {ofObject: [{a: \"a\", b: \"b\", new-a: \"a\", new-ab: \"ab\"}]}, strings: {a: \"a\", b: \"b\", new-a: \"a\", new-ab: \"ab\"}}], object: {arrays: {ofObject: [{a: \"a\", b: \"b\", new-a: \"a\", new-ab: \"ab\"}]}, strings: {a: \"a\", b: \"b\", new-a: \"a\", new-ab: \"ab\"}}}"
